
 /----------------------------------------------------------------------------\
 |  yosys -- Yosys Open SYnthesis Suite                                       |
 |  Copyright (C) 2012 - 2025  Claire Xenia Wolf <claire@yosyshq.com>         |
 |  Distributed under an ISC-like license, type "license" to see terms        |
 \----------------------------------------------------------------------------/
 Yosys 0.52 (git sha1 fee39a3284c90249e1d9684cf6944ffbbcbb8f90)

-- Executing script file `../model/design.ys' --

1. Executing Verilog-2005 frontend: kavach_auth_gate.v
Parsing formal SystemVerilog input from `kavach_auth_gate.v' to AST representation.
Storing AST representation for module `$abstract\kavach_auth_gate'.
Successfully finished Verilog frontend.

2. Executing Verilog-2005 frontend: kavach_safety_assertions.sv
Parsing formal SystemVerilog input from `kavach_safety_assertions.sv' to AST representation.
Storing AST representation for module `$abstract\kavach_safety_assertions'.
Successfully finished Verilog frontend.

3. Executing Verilog-2005 frontend: kavach_auth_formal.sv
Parsing formal SystemVerilog input from `kavach_auth_formal.sv' to AST representation.
Storing AST representation for module `$abstract\kavach_auth_formal'.
Successfully finished Verilog frontend.

4. Executing PREP pass.

4.1. Executing HIERARCHY pass (managing design hierarchy).

4.2. Executing AST frontend in derive mode using pre-parsed AST for module `\kavach_auth_formal'.
Generating RTLIL representation for module `\kavach_auth_formal'.

4.2.1. Analyzing design hierarchy..
Top module:  \kavach_auth_formal

4.2.2. Executing AST frontend in derive mode using pre-parsed AST for module `\kavach_safety_assertions'.
Generating RTLIL representation for module `\kavach_safety_assertions'.

4.2.3. Executing AST frontend in derive mode using pre-parsed AST for module `\kavach_auth_gate'.
Generating RTLIL representation for module `\kavach_auth_gate'.

4.2.4. Analyzing design hierarchy..
Top module:  \kavach_auth_formal
Used module:     \kavach_safety_assertions
Used module:     \kavach_auth_gate

4.2.5. Analyzing design hierarchy..
Top module:  \kavach_auth_formal
Used module:     \kavach_safety_assertions
Used module:     \kavach_auth_gate
Removing unused module `$abstract\kavach_auth_formal'.
Removing unused module `$abstract\kavach_safety_assertions'.
Removing unused module `$abstract\kavach_auth_gate'.
Removed 3 unused modules.
Module kavach_safety_assertions directly or indirectly contains formal properties -> setting "keep" attribute.
Module kavach_auth_formal directly or indirectly contains formal properties -> setting "keep" attribute.

4.3. Executing PROC pass (convert processes to netlists).

4.3.1. Executing PROC_CLEAN pass (remove empty switches from decision trees).
Cleaned up 0 empty switches.

4.3.2. Executing PROC_RMDEAD pass (remove dead branches from decision trees).
Marked 3 switch rules as full_case in process $proc$kavach_auth_gate.v:24$41 in module kavach_auth_gate.
Removed a total of 0 dead cases.

4.3.3. Executing PROC_PRUNE pass (remove redundant assignments in processes).
Removed 6 redundant assignments.
Promoted 9 assignments to connections.

4.3.4. Executing PROC_INIT pass (extract init attributes).

4.3.5. Executing PROC_ARST pass (detect async resets in processes).
Found async reset \rst in `\kavach_auth_gate.$proc$kavach_auth_gate.v:24$41'.

4.3.6. Executing PROC_ROM pass (convert switches to ROMs).
Converted 0 switches.
<suppressed ~6 debug messages>

4.3.7. Executing PROC_MUX pass (convert decision trees to multiplexers).
Creating decoders for process `\kavach_auth_gate.$proc$kavach_auth_gate.v:24$41'.
     1/3: $0\auth_denied_replay[0:0]
     2/3: $0\auth_denied_bist[0:0]
     3/3: $0\authentication_grant[0:0]
Creating decoders for process `\kavach_safety_assertions.$proc$kavach_safety_assertions.sv:23$26'.
     1/1: $assert$kavach_safety_assertions.sv:25$34_EN
Creating decoders for process `\kavach_safety_assertions.$proc$kavach_safety_assertions.sv:17$15'.
     1/1: $assert$kavach_safety_assertions.sv:19$23_EN
Creating decoders for process `\kavach_auth_formal.$proc$kavach_auth_formal.sv:0$7'.
Creating decoders for process `\kavach_auth_formal.$proc$kavach_auth_formal.sv:42$5'.
Creating decoders for process `\kavach_auth_formal.$proc$kavach_auth_formal.sv:31$1'.

4.3.8. Executing PROC_DLATCH pass (convert process syncs to latches).

4.3.9. Executing PROC_DFF pass (convert process syncs to FFs).
Creating register for signal `\kavach_auth_gate.\authentication_grant' using process `\kavach_auth_gate.$proc$kavach_auth_gate.v:24$41'.
  created $adff cell `$procdff$71' with positive edge clock and positive level reset.
Creating register for signal `\kavach_auth_gate.\auth_denied_bist' using process `\kavach_auth_gate.$proc$kavach_auth_gate.v:24$41'.
  created $adff cell `$procdff$74' with positive edge clock and positive level reset.
Creating register for signal `\kavach_auth_gate.\auth_denied_replay' using process `\kavach_auth_gate.$proc$kavach_auth_gate.v:24$41'.
  created $adff cell `$procdff$77' with positive edge clock and positive level reset.
Creating register for signal `\kavach_safety_assertions.$past$kavach_safety_assertions.sv:24$12$0' using process `\kavach_safety_assertions.$proc$kavach_safety_assertions.sv:23$26'.
  created $dff cell `$procdff$78' with positive edge clock.
Creating register for signal `\kavach_safety_assertions.$past$kavach_safety_assertions.sv:24$13$0' using process `\kavach_safety_assertions.$proc$kavach_safety_assertions.sv:23$26'.
  created $dff cell `$procdff$79' with positive edge clock.
Creating register for signal `\kavach_safety_assertions.$past$kavach_safety_assertions.sv:25$14$0' using process `\kavach_safety_assertions.$proc$kavach_safety_assertions.sv:23$26'.
  created $dff cell `$procdff$80' with positive edge clock.
Creating register for signal `\kavach_safety_assertions.$past$kavach_safety_assertions.sv:18$9$0' using process `\kavach_safety_assertions.$proc$kavach_safety_assertions.sv:17$15'.
  created $dff cell `$procdff$81' with positive edge clock.
Creating register for signal `\kavach_safety_assertions.$past$kavach_safety_assertions.sv:18$10$0' using process `\kavach_safety_assertions.$proc$kavach_safety_assertions.sv:17$15'.
  created $dff cell `$procdff$82' with positive edge clock.
Creating register for signal `\kavach_safety_assertions.$past$kavach_safety_assertions.sv:19$11$0' using process `\kavach_safety_assertions.$proc$kavach_safety_assertions.sv:17$15'.
  created $dff cell `$procdff$83' with positive edge clock.

4.3.10. Executing PROC_MEMWR pass (convert process memory writes to cells).

4.3.11. Executing PROC_CLEAN pass (remove empty switches from decision trees).
Found and cleaned up 4 empty switches in `\kavach_auth_gate.$proc$kavach_auth_gate.v:24$41'.
Removing empty process `kavach_auth_gate.$proc$kavach_auth_gate.v:24$41'.
Found and cleaned up 1 empty switch in `\kavach_safety_assertions.$proc$kavach_safety_assertions.sv:23$26'.
Removing empty process `kavach_safety_assertions.$proc$kavach_safety_assertions.sv:23$26'.
Found and cleaned up 1 empty switch in `\kavach_safety_assertions.$proc$kavach_safety_assertions.sv:17$15'.
Removing empty process `kavach_safety_assertions.$proc$kavach_safety_assertions.sv:17$15'.
Removing empty process `kavach_auth_formal.$proc$kavach_auth_formal.sv:0$7'.
Removing empty process `kavach_auth_formal.$proc$kavach_auth_formal.sv:42$5'.
Removing empty process `kavach_auth_formal.$proc$kavach_auth_formal.sv:31$1'.
Cleaned up 6 empty switches.

4.3.12. Executing OPT_EXPR pass (perform const folding).
Optimizing module kavach_auth_gate.
<suppressed ~3 debug messages>
Optimizing module kavach_safety_assertions.
Optimizing module kavach_auth_formal.

4.4. Executing FUTURE pass.

4.5. Executing OPT_EXPR pass (perform const folding).
Optimizing module kavach_auth_gate.
Optimizing module kavach_safety_assertions.
Optimizing module kavach_auth_formal.

4.6. Executing OPT_CLEAN pass (remove unused cells and wires).
Finding unused cells or wires in module \kavach_auth_gate..
Finding unused cells or wires in module \kavach_safety_assertions..
Finding unused cells or wires in module \kavach_auth_formal..
Removed 4 unused cells and 33 unused wires.
<suppressed ~8 debug messages>

4.7. Executing CHECK pass (checking for obvious problems).
Checking module kavach_auth_formal...
Checking module kavach_auth_gate...
Checking module kavach_safety_assertions...
Found and reported 0 problems.

4.8. Executing OPT pass (performing simple optimizations).

4.8.1. Executing OPT_EXPR pass (perform const folding).
Optimizing module kavach_auth_formal.
Optimizing module kavach_auth_gate.
Optimizing module kavach_safety_assertions.

4.8.2. Executing OPT_MERGE pass (detect identical cells).
Finding identical cells in module `\kavach_auth_formal'.
Finding identical cells in module `\kavach_auth_gate'.
Finding identical cells in module `\kavach_safety_assertions'.
<suppressed ~3 debug messages>
Removed a total of 1 cells.

4.8.3. Executing OPT_MUXTREE pass (detect dead branches in mux trees).
Running muxtree optimizer on module \kavach_auth_formal..
  Creating internal representation of mux trees.
  No muxes found in this module.
Running muxtree optimizer on module \kavach_auth_gate..
  Creating internal representation of mux trees.
  Evaluating internal representation of mux trees.
  Analyzing evaluation results.
Running muxtree optimizer on module \kavach_safety_assertions..
  Creating internal representation of mux trees.
  Evaluating internal representation of mux trees.
  Analyzing evaluation results.
Removed 0 multiplexer ports.
<suppressed ~5 debug messages>

4.8.4. Executing OPT_REDUCE pass (consolidate $*mux and $reduce_* inputs).
  Optimizing cells in module \kavach_auth_formal.
  Optimizing cells in module \kavach_auth_gate.
  Optimizing cells in module \kavach_safety_assertions.
Performed a total of 0 changes.

4.8.5. Executing OPT_MERGE pass (detect identical cells).
Finding identical cells in module `\kavach_auth_formal'.
Finding identical cells in module `\kavach_auth_gate'.
Finding identical cells in module `\kavach_safety_assertions'.
Removed a total of 0 cells.

4.8.6. Executing OPT_CLEAN pass (remove unused cells and wires).
Finding unused cells or wires in module \kavach_auth_formal..
Finding unused cells or wires in module \kavach_auth_gate..
Finding unused cells or wires in module \kavach_safety_assertions..
Removed 0 unused cells and 1 unused wires.
<suppressed ~1 debug messages>

4.8.7. Executing OPT_EXPR pass (perform const folding).
Optimizing module kavach_auth_formal.
Optimizing module kavach_auth_gate.
Optimizing module kavach_safety_assertions.

4.8.8. Rerunning OPT passes. (Maybe there is more to do..)

4.8.9. Executing OPT_MUXTREE pass (detect dead branches in mux trees).
Running muxtree optimizer on module \kavach_auth_formal..
  Creating internal representation of mux trees.
  No muxes found in this module.
Running muxtree optimizer on module \kavach_auth_gate..
  Creating internal representation of mux trees.
  Evaluating internal representation of mux trees.
  Analyzing evaluation results.
Running muxtree optimizer on module \kavach_safety_assertions..
  Creating internal representation of mux trees.
  Evaluating internal representation of mux trees.
  Analyzing evaluation results.
Removed 0 multiplexer ports.
<suppressed ~5 debug messages>

4.8.10. Executing OPT_REDUCE pass (consolidate $*mux and $reduce_* inputs).
  Optimizing cells in module \kavach_auth_formal.
  Optimizing cells in module \kavach_auth_gate.
  Optimizing cells in module \kavach_safety_assertions.
Performed a total of 0 changes.

4.8.11. Executing OPT_MERGE pass (detect identical cells).
Finding identical cells in module `\kavach_auth_formal'.
Finding identical cells in module `\kavach_auth_gate'.
Finding identical cells in module `\kavach_safety_assertions'.
Removed a total of 0 cells.

4.8.12. Executing OPT_CLEAN pass (remove unused cells and wires).
Finding unused cells or wires in module \kavach_auth_formal..
Finding unused cells or wires in module \kavach_auth_gate..
Finding unused cells or wires in module \kavach_safety_assertions..

4.8.13. Executing OPT_EXPR pass (perform const folding).
Optimizing module kavach_auth_formal.
Optimizing module kavach_auth_gate.
Optimizing module kavach_safety_assertions.

4.8.14. Finished OPT passes. (There is nothing left to do.)

4.9. Executing WREDUCE pass (reducing word size of cells).

4.10. Executing OPT_CLEAN pass (remove unused cells and wires).
Finding unused cells or wires in module \kavach_auth_formal..
Finding unused cells or wires in module \kavach_auth_gate..
Finding unused cells or wires in module \kavach_safety_assertions..

4.11. Executing MEMORY_COLLECT pass (generating $mem cells).

4.12. Executing OPT pass (performing simple optimizations).

4.12.1. Executing OPT_EXPR pass (perform const folding).
Optimizing module kavach_auth_formal.
Optimizing module kavach_auth_gate.
Optimizing module kavach_safety_assertions.

4.12.2. Executing OPT_MERGE pass (detect identical cells).
Finding identical cells in module `\kavach_auth_formal'.
Finding identical cells in module `\kavach_auth_gate'.
Finding identical cells in module `\kavach_safety_assertions'.
Removed a total of 0 cells.

4.12.3. Executing OPT_CLEAN pass (remove unused cells and wires).
Finding unused cells or wires in module \kavach_auth_formal..
Finding unused cells or wires in module \kavach_auth_gate..
Finding unused cells or wires in module \kavach_safety_assertions..

4.12.4. Finished fast OPT passes.

4.13. Printing statistics.

=== kavach_auth_formal ===

   Number of wires:                 11
   Number of wire bits:             11
   Number of public wires:           9
   Number of public wire bits:       9
   Number of ports:                  6
   Number of port bits:              6
   Number of memories:               0
   Number of memory bits:            0
   Number of processes:              0
   Number of cells:                  7
     $check                          3
     $logic_and                      1
     $logic_not                      1
     kavach_auth_gate                1
     kavach_safety_assertions        1

=== kavach_auth_gate ===

   Number of wires:                 18
   Number of wire bits:             18
   Number of public wires:           9
   Number of public wire bits:       9
   Number of ports:                  9
   Number of port bits:              9
   Number of memories:               0
   Number of memory bits:            0
   Number of processes:              0
   Number of cells:                 12
     $adff                           3
     $mux                            9

=== kavach_safety_assertions ===

   Number of wires:                 24
   Number of wire bits:             24
   Number of public wires:           5
   Number of public wire bits:       5
   Number of ports:                  5
   Number of port bits:              5
   Number of memories:               0
   Number of memory bits:            0
   Number of processes:              0
   Number of cells:                 21
     $check                          2
     $dff                            6
     $logic_and                      6
     $logic_not                      5
     $mux                            2

=== design hierarchy ===

   kavach_auth_formal                1
     kavach_auth_gate                1
     kavach_safety_assertions        1

   Number of wires:                 53
   Number of wire bits:             53
   Number of public wires:          23
   Number of public wire bits:      23
   Number of ports:                 20
   Number of port bits:             20
   Number of memories:               0
   Number of memory bits:            0
   Number of processes:              0
   Number of cells:                 38
     $adff                           3
     $check                          5
     $dff                            6
     $logic_and                      7
     $logic_not                      6
     $mux                           11

4.14. Executing CHECK pass (checking for obvious problems).
Checking module kavach_auth_formal...
Checking module kavach_auth_gate...
Checking module kavach_safety_assertions...
Found and reported 0 problems.

5. Executing HIERARCHY pass (managing design hierarchy).
Attribute `top' found on module `kavach_auth_formal'. Setting top module to kavach_auth_formal.

5.1. Analyzing design hierarchy..
Top module:  \kavach_auth_formal
Used module:     \kavach_safety_assertions
Used module:     \kavach_auth_gate

5.2. Analyzing design hierarchy..
Top module:  \kavach_auth_formal
Used module:     \kavach_safety_assertions
Used module:     \kavach_auth_gate
Removed 0 unused modules.
Module kavach_auth_formal directly or indirectly contains formal properties -> setting "keep" attribute.
Module kavach_safety_assertions directly or indirectly contains formal properties -> setting "keep" attribute.

6. Executing jny backend.

7. Executing RTLIL backend.
Output filename: ../model/design.il

End of script. Logfile hash: 248f6f2041, CPU: user 0.03s system 0.02s, MEM: 17.30 MB peak
Yosys 0.52 (git sha1 fee39a3284c90249e1d9684cf6944ffbbcbb8f90)
Time spent: 29% 6x opt_expr (0 sec), 18% 5x opt_clean (0 sec), ...
