
 /----------------------------------------------------------------------------\
 |  yosys -- Yosys Open SYnthesis Suite                                       |
 |  Copyright (C) 2012 - 2025  Claire Xenia Wolf <claire@yosyshq.com>         |
 |  Distributed under an ISC-like license, type "license" to see terms        |
 \----------------------------------------------------------------------------/
 Yosys 0.52 (git sha1 fee39a3284c90249e1d9684cf6944ffbbcbb8f90)

-- Executing script file `design_smt2.ys' --

1. Executing RTLIL frontend.
Input filename: design_prep.il

2. Executing HIERARCHY pass (managing design hierarchy).
Attribute `top' found on module `kavach_auth_formal'. Setting top module to kavach_auth_formal.

2.1. Analyzing design hierarchy..
Top module:  \kavach_auth_formal
Used module:     \kavach_auth_gate
Used module:     \kavach_safety_assertions

2.2. Analyzing design hierarchy..
Top module:  \kavach_auth_formal
Used module:     \kavach_auth_gate
Used module:     \kavach_safety_assertions
Removed 0 unused modules.
Module kavach_safety_assertions directly or indirectly contains formal properties -> setting "keep" attribute.
Module kavach_auth_formal directly or indirectly contains formal properties -> setting "keep" attribute.

3. Executing FORMALFF pass.

4. Executing DFFUNMAP pass (unmap clock enable and synchronous reset from FFs).

5. Printing statistics.

=== kavach_safety_assertions ===

   Number of wires:                 29
   Number of wire bits:             29
   Number of public wires:          11
   Number of public wire bits:      11
   Number of ports:                  5
   Number of port bits:              5
   Number of memories:               0
   Number of memory bits:            0
   Number of processes:              0
   Number of cells:                 27
     $anyinit                        6
     $assert                         2
     $assume                         1
     $ff                             4
     $logic_and                      6
     $logic_not                      5
     $mux                            2
     $not                            1

=== kavach_auth_gate ===

   Number of wires:                 25
   Number of wire bits:             25
   Number of public wires:          12
   Number of public wire bits:      12
   Number of ports:                  9
   Number of port bits:              9
   Number of memories:               0
   Number of memory bits:            0
   Number of processes:              0
   Number of cells:                 20
     $anyinit                        3
     $assume                         1
     $mux                           15
     $not                            1

=== kavach_auth_formal ===

   Number of wires:                 13
   Number of wire bits:             13
   Number of public wires:           9
   Number of public wire bits:       9
   Number of ports:                  6
   Number of port bits:              6
   Number of memories:               0
   Number of memory bits:            0
   Number of processes:              0
   Number of cells:                  9
     $assume                         3
     $initstate                      1
     $logic_and                      1
     $logic_not                      1
     $not                            1
     kavach_auth_gate                1
     kavach_safety_assertions        1

=== design hierarchy ===

   kavach_auth_formal                1
     kavach_auth_gate                1
     kavach_safety_assertions        1

   Number of wires:                 67
   Number of wire bits:             67
   Number of public wires:          32
   Number of public wire bits:      32
   Number of ports:                 20
   Number of port bits:             20
   Number of memories:               0
   Number of memory bits:            0
   Number of processes:              0
   Number of cells:                 54
     $anyinit                        9
     $assert                         2
     $assume                         5
     $ff                             4
     $initstate                      1
     $logic_and                      7
     $logic_not                      6
     $mux                           17
     $not                            3

6. Executing SMT2 backend.

6.1. Executing BMUXMAP pass.

6.2. Executing DEMUXMAP pass.
Creating SMT-LIBv2 representation of module kavach_auth_gate.
Creating SMT-LIBv2 representation of module kavach_safety_assertions.
Creating SMT-LIBv2 representation of module kavach_auth_formal.

End of script. Logfile hash: 06c33d1d5d, CPU: user 0.00s system 0.01s, MEM: 17.31 MB peak
Yosys 0.52 (git sha1 fee39a3284c90249e1d9684cf6944ffbbcbb8f90)
Time spent: 64% 2x write_smt2 (0 sec), 22% 2x read_rtlil (0 sec), ...
