
 /----------------------------------------------------------------------------\
 |  yosys -- Yosys Open SYnthesis Suite                                       |
 |  Copyright (C) 2012 - 2025  Claire Xenia Wolf <claire@yosyshq.com>         |
 |  Distributed under an ISC-like license, type "license" to see terms        |
 \----------------------------------------------------------------------------/
 Yosys 0.52 (git sha1 fee39a3284c90249e1d9684cf6944ffbbcbb8f90)

-- Executing script file `design_prep.ys' --

1. Executing RTLIL frontend.
Input filename: design.il

2. Executing SCC pass (detecting logic loops).
Found 0 SCCs in module kavach_safety_assertions.
Found 0 SCCs in module kavach_auth_gate.
Found 0 SCCs in module kavach_auth_formal.
Found 0 SCCs.

3. Executing SIMPLEMAP pass (map simple cells to gate primitives).

4. Executing MEMORY_NORDFF pass (extracting $dff cells from memories).

5. Executing ASYNC2SYNC pass.
Replacing kavach_auth_gate.$procdff$77 ($adff): ARST=\rst, D=$0\auth_denied_replay[0:0], Q=\auth_denied_replay
Replacing kavach_auth_gate.$procdff$74 ($adff): ARST=\rst, D=$0\auth_denied_bist[0:0], Q=\auth_denied_bist
Replacing kavach_auth_gate.$procdff$71 ($adff): ARST=\rst, D=$0\authentication_grant[0:0], Q=\authentication_grant

6. Executing OPT_CLEAN pass (remove unused cells and wires).
Finding unused cells or wires in module \kavach_safety_assertions..
Finding unused cells or wires in module \kavach_auth_gate..
Finding unused cells or wires in module \kavach_auth_formal..
Removed 12 unused cells and 12 unused wires.
<suppressed ~14 debug messages>

7. Executing FORMALFF pass.

8. Executing OPT_CLEAN pass (remove unused cells and wires).
Finding unused cells or wires in module \kavach_auth_formal..
Finding unused cells or wires in module \kavach_auth_gate..
Finding unused cells or wires in module \kavach_safety_assertions..
Removed 5 unused cells and 5 unused wires.
<suppressed ~8 debug messages>

9. Executing CHECK pass (checking for obvious problems).
Checking module kavach_auth_formal...
Checking module kavach_auth_gate...
Checking module kavach_safety_assertions...
Found and reported 0 problems.

10. Executing SETUNDEF pass (replace undef values with defined constants).

11. Executing OPT pass (performing simple optimizations).

11.1. Executing OPT_EXPR pass (perform const folding).
Optimizing module kavach_auth_formal.
<suppressed ~1 debug messages>
Optimizing module kavach_auth_gate.
Optimizing module kavach_safety_assertions.

11.2. Executing OPT_MERGE pass (detect identical cells).
Finding identical cells in module `\kavach_auth_formal'.
Finding identical cells in module `\kavach_auth_gate'.
Finding identical cells in module `\kavach_safety_assertions'.
Removed a total of 0 cells.

11.3. Executing OPT_DFF pass (perform DFF optimizations).

11.4. Executing OPT_CLEAN pass (remove unused cells and wires).
Finding unused cells or wires in module \kavach_auth_formal..
Finding unused cells or wires in module \kavach_auth_gate..
Finding unused cells or wires in module \kavach_safety_assertions..
Removed 0 unused cells and 1 unused wires.
<suppressed ~1 debug messages>

11.5. Finished fast OPT passes.

12. Executing OPT_CLEAN pass (remove unused cells and wires).
Finding unused cells or wires in module \kavach_auth_formal..
Finding unused cells or wires in module \kavach_auth_gate..
Finding unused cells or wires in module \kavach_safety_assertions..
Removed 0 unused cells and 9 unused wires.
<suppressed ~2 debug messages>

13. Executing RTLIL backend.
Output filename: ../model/design_prep.il

End of script. Logfile hash: c086fac3a7, CPU: user 0.02s system 0.01s, MEM: 17.30 MB peak
Yosys 0.52 (git sha1 fee39a3284c90249e1d9684cf6944ffbbcbb8f90)
Time spent: 41% 4x opt_clean (0 sec), 12% 1x opt_expr (0 sec), ...
